// Jest Snapshot v1, https://goo.gl/fbAQLP

exports[`<TimelinesList/> component renders without crashing given the required propss 1`] = `
<WithStyles(ForwardRef(Container))
  maxWidth="sm"
>
  <WithStyles(ForwardRef(Grid))
    container={true}
    spacing={4}
  />
</WithStyles(ForwardRef(Container))>
`;
